******************************************************************************
                  TI ARM Linker PC v20.2.5                     
******************************************************************************
>> Linked Tue May 18 23:38:07 2021

OUTPUT FILE NAME:   <LAB1.out>
ENTRY POINT SYMBOL: "_c_int00_noargs"  address: 000026f9


MEMORY CONFIGURATION

         name            origin    length      used     unused   attr    fill
----------------------  --------  ---------  --------  --------  ----  --------
  FLASH                 00000000   00040000  00002806  0003d7fa  R  X
  SRAM                  20000000   00008000  0000792d  000006d3  RW X


SEGMENT ALLOCATION MAP

run origin  load origin   length   init length attrs members
----------  ----------- ---------- ----------- ----- -------
00000000    00000000    00002808   00002808    r-x
  00000000    00000000    0000026c   0000026c    r-- .intvecs
  0000026c    0000026c    00002546   00002546    r-x .text
  000027b4    000027b4    0000001c   0000001c    r-- .const
  000027d0    000027d0    00000038   00000038    r-- .cinit
20000000    20000000    00007930   00000000    rw-
  20000000    20000000    000076ed   00000000    rw- .bss
  200076f0    200076f0    00000200   00000000    rw- .stack
  200078f0    200078f0    00000040   00000000    rw- .data


SECTION ALLOCATION MAP

 output                                  attributes/
section   page    origin      length       input sections
--------  ----  ----------  ----------   ----------------
.intvecs   0    00000000    0000026c     
                  00000000    0000026c     tm4c1231h6pm_startup_ccs.obj (.intvecs)

.text      0    0000026c    00002546     
                  0000026c    00001894     tasks.obj (.text)
                  00001b00    000001b8     heap_2.obj (.text)
                  00001cb8    0000016c     driverlib.lib : gpio.obj (.text:GPIOPadConfigSet)
                  00001e24    0000013c     port.obj (.text)
                  00001f60    0000012a     list.obj (.text)
                  0000208a    00000002     --HOLE-- [fill = 0]
                  0000208c    00000100     main.obj (.text)
                  0000218c    000000f4     driverlib.lib : sysctl.obj (.text:SysCtlClockSet)
                  00002280    000000da     portasm.obj (.text)
                  0000235a    00000002     --HOLE-- [fill = 0]
                  0000235c    000000a4     ledBlueStateMachine.obj (.text)
                  00002400    0000009c     rtsv7M4_T_le_v4SPD16_eabi.lib : memcpy_t2.asm.obj (.text)
                  0000249c    0000009c     switches.obj (.text)
                  00002538    0000007a     rtsv7M4_T_le_v4SPD16_eabi.lib : memset_t2.asm.obj (.text)
                  000025b2    00000068                                   : copy_decompress_lzss.c.obj (.text:decompress:lzss:__TI_decompress_lzss)
                  0000261a    00000002     --HOLE-- [fill = 0]
                  0000261c    00000064     led.obj (.text)
                  00002680    00000044     rtsv7M4_T_le_v4SPD16_eabi.lib : autoinit.c.obj (.text:__TI_auto_init_nobinit_nopinit:__TI_auto_init_nobinit_nopinit)
                  000026c4    00000034     driverlib.lib : sysctl.obj (.text:SysCtlPeripheralEnable)
                  000026f8    00000034     rtsv7M4_T_le_v4SPD16_eabi.lib : boot_cortex_m.c.obj (.text:_c_int00_noargs:_c_int00_noargs)
                  0000272c    0000002c     driverlib.lib : gpio.obj (.text:GPIODirModeSet)
                  00002758    0000001a                   : gpio.obj (.text:GPIOPinTypeGPIOOutput)
                  00002772    0000000e     rtsv7M4_T_le_v4SPD16_eabi.lib : copy_decompress_none.c.obj (.text:decompress:none:__TI_decompress_none)
                  00002780    0000000c                                   : copy_zero_init.c.obj (.text:decompress:ZI:__TI_zero_init)
                  0000278c    0000000c     tm4c1231h6pm_startup_ccs.obj (.text)
                  00002798    00000006     driverlib.lib : gpio.obj (.text:GPIOPinRead)
                  0000279e    00000006                   : gpio.obj (.text:GPIOPinWrite)
                  000027a4    00000006                   : sysctl.obj (.text:SysCtlDelay)
                  000027aa    00000004     rtsv7M4_T_le_v4SPD16_eabi.lib : pre_init.c.obj (.text:_system_pre_init)
                  000027ae    00000004                                   : exit.c.obj (.text:abort:abort)

.const     0    000027b4    0000001c     
                  000027b4    0000000c     led.obj (.const:ledPin)
                  000027c0    0000000c     led.obj (.const:ledSetVal)
                  000027cc    00000004     port.obj (.const)

.cinit     0    000027d0    00000038     
                  000027d0    0000000f     (.cinit..data.load) [load image, compression = lzss]
                  000027df    00000001     --HOLE-- [fill = 0]
                  000027e0    0000000c     (__TI_handler_table)
                  000027ec    00000004     --HOLE-- [fill = 0]
                  000027f0    00000008     (.cinit..bss.load) [load image, compression = zero_init]
                  000027f8    00000010     (__TI_cinit_table)

.init_array 
*          0    00000000    00000000     UNINITIALIZED

.bss       0    20000000    000076ed     UNINITIALIZED
                  20000000    00007530     heap_2.obj (.bss:ucHeap)
                  20007530    00000140     tasks.obj (.bss:pxReadyTasksLists)
                  20007670    00000014     tasks.obj (.bss:xDelayedTaskList1)
                  20007684    00000014     tasks.obj (.bss:xDelayedTaskList2)
                  20007698    00000014     tasks.obj (.bss:xPendingReadyList)
                  200076ac    00000014     tasks.obj (.bss:xSuspendedTaskList)
                  200076c0    00000014     tasks.obj (.bss:xTasksWaitingTermination)
                  200076d4    00000008     tasks.obj (.bss)
                  200076dc    00000008     heap_2.obj (.bss:xEnd)
                  200076e4    00000008     heap_2.obj (.bss:xStart)
                  200076ec    00000001     ledBlueStateMachine.obj (.bss)

.data      0    200078f0    00000040     UNINITIALIZED
                  200078f0    00000034     tasks.obj (.data)
                  20007924    00000008     heap_2.obj (.data)
                  2000792c    00000004     port.obj (.data)

.stack     0    200076f0    00000200     UNINITIALIZED
                  200076f0    00000004     rtsv7M4_T_le_v4SPD16_eabi.lib : boot_cortex_m.c.obj (.stack)
                  200076f4    000001fc     --HOLE--

__llvm_prf_cnts 
*          0    20000000    00000000     UNINITIALIZED

MODULE SUMMARY

       Module                         code   ro data   rw data
       ------                         ----   -------   -------
    .\
       tm4c1231h6pm_startup_ccs.obj   12     620       0      
    +--+------------------------------+------+---------+---------+
       Total:                         12     620       0      
                                                              
    .\Application\
       main.obj                       256    0         0      
       ledBlueStateMachine.obj        164    0         1      
    +--+------------------------------+------+---------+---------+
       Total:                         420    0         1      
                                                              
    .\Lib\
       heap_2.obj                     440    0         30024  
       tasks.obj                      6292   0         480    
       port.obj                       316    4         4      
       list.obj                       298    0         0      
       portasm.obj                    218    0         0      
    +--+------------------------------+------+---------+---------+
       Total:                         7564   4         30508  
                                                              
    .\driver\
       switches.obj                   156    0         0      
       led.obj                        100    24        0      
    +--+------------------------------+------+---------+---------+
       Total:                         256    24        0      
                                                              
    ../driverlib.lib
       gpio.obj                       446    0         0      
       sysctl.obj                     302    0         0      
    +--+------------------------------+------+---------+---------+
       Total:                         748    0         0      
                                                              
    C:\ti\ccsv7\tools\compiler\ti-cgt-arm_20.2.5.LTS\lib\rtsv7M4_T_le_v4SPD16_eabi.lib
       memcpy_t2.asm.obj              156    0         0      
       memset_t2.asm.obj              122    0         0      
       copy_decompress_lzss.c.obj     104    0         0      
       autoinit.c.obj                 68     0         0      
       boot_cortex_m.c.obj            52     0         0      
       copy_decompress_none.c.obj     14     0         0      
       copy_zero_init.c.obj           12     0         0      
       exit.c.obj                     4      0         0      
       pre_init.c.obj                 4      0         0      
    +--+------------------------------+------+---------+---------+
       Total:                         536    0         0      
                                                              
       Stack:                         0      0         512    
       Linker Generated:              0      51        0      
    +--+------------------------------+------+---------+---------+
       Grand Total:                   9536   699       31021  


LINKER GENERATED COPY TABLES

__TI_cinit_table @ 000027f8 records: 2, size/record: 8, table size: 16
	.data: load addr=000027d0, load size=0000000f bytes, run addr=200078f0, run size=00000040 bytes, compression=lzss
	.bss: load addr=000027f0, load size=00000008 bytes, run addr=20000000, run size=000076ed bytes, compression=zero_init


LINKER GENERATED HANDLER TABLE

__TI_handler_table @ 000027e0 records: 3, size/record: 4, table size: 12
	index: 0, handler: __TI_decompress_lzss
	index: 1, handler: __TI_decompress_none
	index: 2, handler: __TI_zero_init


GLOBAL SYMBOLS: SORTED ALPHABETICALLY BY Name 

address   name                               
-------   ----                               
000027af  C$$EXIT                            
0000272d  GPIODirModeSet                     
00001cb9  GPIOPadConfigSet                   
00002799  GPIOPinRead                        
00002759  GPIOPinTypeGPIOOutput              
0000279f  GPIOPinWrite                       
0000235d  InitMachine                        
0000278d  ResetISR                           
0000218d  SysCtlClockSet                     
000027a5  SysCtlDelay                        
000026c5  SysCtlPeripheralEnable             
200078f0  __STACK_END                        
00000200  __STACK_SIZE                       
200078f0  __STACK_TOP                        
000027f8  __TI_CINIT_Base                    
00002808  __TI_CINIT_Limit                   
000027e0  __TI_Handler_Table_Base            
000027ec  __TI_Handler_Table_Limit           
00002681  __TI_auto_init_nobinit_nopinit     
000025b3  __TI_decompress_lzss               
00002773  __TI_decompress_none               
ffffffff  __TI_pprof_out_hndl                
ffffffff  __TI_prof_data_size                
ffffffff  __TI_prof_data_start               
00000000  __TI_static_base__                 
00002781  __TI_zero_init                     
00002539  __aeabi_memclr                     
00002539  __aeabi_memclr4                    
00002539  __aeabi_memclr8                    
00002401  __aeabi_memcpy                     
00002401  __aeabi_memcpy4                    
00002401  __aeabi_memcpy8                    
0000253b  __aeabi_memset                     
0000253b  __aeabi_memset4                    
0000253b  __aeabi_memset8                    
ffffffff  __binit__                          
ffffffff  __c_args__                         
UNDEFED   __mpu_init                         
200076f0  __stack                            
20000000  __start___llvm_prf_cnts            
20000000  __stop___llvm_prf_cnts             
000026f9  _c_int00_noargs                    
UNDEFED   _system_post_cinit                 
000027ab  _system_pre_init                   
000027af  abort                              
ffffffff  binit                              
000005dd  eTaskGetState                      
00000000  g_pfnVectors                       
0000236f  ledBlueStateMachineUpdate          
0000262f  ledControl                         
0000261d  ledInit                            
000027b4  ledPin                             
000027c0  ledSetVal                          
00002097  main                               
00002401  memcpy                             
00002541  memset                             
00000ba3  pcTaskGetName                      
00001b01  pvPortMalloc                       
0000161f  pvTaskIncrementMutexHeldCount      
200078f0  pxCurrentTCB                       
00001e25  pxPortInitialiseStack              
0000249d  switchInit                         
000024e5  switchState                        
000027cc  ulMaxSyscallInterruptPriority      
00002291  ulPortGetIPSR                      
0000163d  ulTaskNotifyTake                   
00002043  uxListRemove                       
00000b9d  uxTaskGetNumberOfTasks             
00001309  uxTaskGetStackHighWaterMark        
00000bc9  uxTaskGetSystemState               
00001099  uxTaskGetTaskNumber                
00000671  uxTaskPriorityGet                  
000006a1  uxTaskPriorityGetFromISR           
000015fd  uxTaskResetEventItemValue          
0000208d  vApplicationStackOverflowHook      
00001f61  vListInitialise                    
00001f91  vListInitialiseItem                
00001fdd  vListInsert                        
00001fa1  vListInsertEnd                     
0000234d  vPortEnableVFP                     
00001ec5  vPortEndScheduler                  
00001ec7  vPortEnterCritical                 
00001ee7  vPortExitCritical                  
00001bf9  vPortFree                          
00001c5d  vPortInitialiseBlocks              
00002309  vPortSVCHandler                    
00001f23  vPortSetupTimerInterrupt           
00002329  vPortStartFirstTask                
000005a1  vTaskDelay                         
00000511  vTaskDelayUntil                    
00000463  vTaskDelete                        
00000a63  vTaskEndScheduler                  
00001179  vTaskGetInfo                       
00000fe7  vTaskInternalSetTimeOutState       
0000108d  vTaskMissedYield                   
00001959  vTaskNotifyGiveFromISR             
00000e8b  vTaskPlaceOnEventList              
00000ea7  vTaskPlaceOnUnorderedEventList     
0000152b  vTaskPriorityDisinheritAfterTimeout
000006ed  vTaskPrioritySet                   
00000f61  vTaskRemoveFromUnorderedEventList  
00000911  vTaskResume                        
000010b9  vTaskSetTaskNumber                 
00000fc9  vTaskSetTimeOutState               
00000a19  vTaskStartScheduler                
00000805  vTaskSuspend                       
00000a7f  vTaskSuspendAll                    
00000de9  vTaskSwitchContext                 
00001c57  xPortGetFreeHeapSize               
000022a9  xPortPendSVHandler                 
00001e8f  xPortStartScheduler                
00001efd  xPortSysTickHandler                
00001009  xTaskCheckForTimeOut               
0000026d  xTaskCreate                        
0000175f  xTaskGenericNotify                 
00001849  xTaskGenericNotifyFromISR          
0000137d  xTaskGetCurrentTaskHandle          
00000b75  xTaskGetTickCount                  
00000b89  xTaskGetTickCountFromISR           
00000cbd  xTaskIncrementTick                 
00001a07  xTaskNotifyStateClear              
000016b9  xTaskNotifyWait                    
0000148f  xTaskPriorityDisinherit            
000013b1  xTaskPriorityInherit               
00000ee1  xTaskRemoveFromEventList           
00000a91  xTaskResumeAll                     
00000989  xTaskResumeFromISR                 


GLOBAL SYMBOLS: SORTED BY Symbol Address 

address   name                               
-------   ----                               
00000000  __TI_static_base__                 
00000000  g_pfnVectors                       
00000200  __STACK_SIZE                       
0000026d  xTaskCreate                        
00000463  vTaskDelete                        
00000511  vTaskDelayUntil                    
000005a1  vTaskDelay                         
000005dd  eTaskGetState                      
00000671  uxTaskPriorityGet                  
000006a1  uxTaskPriorityGetFromISR           
000006ed  vTaskPrioritySet                   
00000805  vTaskSuspend                       
00000911  vTaskResume                        
00000989  xTaskResumeFromISR                 
00000a19  vTaskStartScheduler                
00000a63  vTaskEndScheduler                  
00000a7f  vTaskSuspendAll                    
00000a91  xTaskResumeAll                     
00000b75  xTaskGetTickCount                  
00000b89  xTaskGetTickCountFromISR           
00000b9d  uxTaskGetNumberOfTasks             
00000ba3  pcTaskGetName                      
00000bc9  uxTaskGetSystemState               
00000cbd  xTaskIncrementTick                 
00000de9  vTaskSwitchContext                 
00000e8b  vTaskPlaceOnEventList              
00000ea7  vTaskPlaceOnUnorderedEventList     
00000ee1  xTaskRemoveFromEventList           
00000f61  vTaskRemoveFromUnorderedEventList  
00000fc9  vTaskSetTimeOutState               
00000fe7  vTaskInternalSetTimeOutState       
00001009  xTaskCheckForTimeOut               
0000108d  vTaskMissedYield                   
00001099  uxTaskGetTaskNumber                
000010b9  vTaskSetTaskNumber                 
00001179  vTaskGetInfo                       
00001309  uxTaskGetStackHighWaterMark        
0000137d  xTaskGetCurrentTaskHandle          
000013b1  xTaskPriorityInherit               
0000148f  xTaskPriorityDisinherit            
0000152b  vTaskPriorityDisinheritAfterTimeout
000015fd  uxTaskResetEventItemValue          
0000161f  pvTaskIncrementMutexHeldCount      
0000163d  ulTaskNotifyTake                   
000016b9  xTaskNotifyWait                    
0000175f  xTaskGenericNotify                 
00001849  xTaskGenericNotifyFromISR          
00001959  vTaskNotifyGiveFromISR             
00001a07  xTaskNotifyStateClear              
00001b01  pvPortMalloc                       
00001bf9  vPortFree                          
00001c57  xPortGetFreeHeapSize               
00001c5d  vPortInitialiseBlocks              
00001cb9  GPIOPadConfigSet                   
00001e25  pxPortInitialiseStack              
00001e8f  xPortStartScheduler                
00001ec5  vPortEndScheduler                  
00001ec7  vPortEnterCritical                 
00001ee7  vPortExitCritical                  
00001efd  xPortSysTickHandler                
00001f23  vPortSetupTimerInterrupt           
00001f61  vListInitialise                    
00001f91  vListInitialiseItem                
00001fa1  vListInsertEnd                     
00001fdd  vListInsert                        
00002043  uxListRemove                       
0000208d  vApplicationStackOverflowHook      
00002097  main                               
0000218d  SysCtlClockSet                     
00002291  ulPortGetIPSR                      
000022a9  xPortPendSVHandler                 
00002309  vPortSVCHandler                    
00002329  vPortStartFirstTask                
0000234d  vPortEnableVFP                     
0000235d  InitMachine                        
0000236f  ledBlueStateMachineUpdate          
00002401  __aeabi_memcpy                     
00002401  __aeabi_memcpy4                    
00002401  __aeabi_memcpy8                    
00002401  memcpy                             
0000249d  switchInit                         
000024e5  switchState                        
00002539  __aeabi_memclr                     
00002539  __aeabi_memclr4                    
00002539  __aeabi_memclr8                    
0000253b  __aeabi_memset                     
0000253b  __aeabi_memset4                    
0000253b  __aeabi_memset8                    
00002541  memset                             
000025b3  __TI_decompress_lzss               
0000261d  ledInit                            
0000262f  ledControl                         
00002681  __TI_auto_init_nobinit_nopinit     
000026c5  SysCtlPeripheralEnable             
000026f9  _c_int00_noargs                    
0000272d  GPIODirModeSet                     
00002759  GPIOPinTypeGPIOOutput              
00002773  __TI_decompress_none               
00002781  __TI_zero_init                     
0000278d  ResetISR                           
00002799  GPIOPinRead                        
0000279f  GPIOPinWrite                       
000027a5  SysCtlDelay                        
000027ab  _system_pre_init                   
000027af  C$$EXIT                            
000027af  abort                              
000027b4  ledPin                             
000027c0  ledSetVal                          
000027cc  ulMaxSyscallInterruptPriority      
000027e0  __TI_Handler_Table_Base            
000027ec  __TI_Handler_Table_Limit           
000027f8  __TI_CINIT_Base                    
00002808  __TI_CINIT_Limit                   
20000000  __start___llvm_prf_cnts            
20000000  __stop___llvm_prf_cnts             
200076f0  __stack                            
200078f0  __STACK_END                        
200078f0  __STACK_TOP                        
200078f0  pxCurrentTCB                       
ffffffff  __TI_pprof_out_hndl                
ffffffff  __TI_prof_data_size                
ffffffff  __TI_prof_data_start               
ffffffff  __binit__                          
ffffffff  __c_args__                         
ffffffff  binit                              
UNDEFED   __mpu_init                         
UNDEFED   _system_post_cinit                 

[127 symbols]
